<html>
<body>
<pre>
<h1>µVision Build Log</h1>
<h2>Tool Versions:</h2>
IDE-Version: µVision V5.22.0.0
Copyright (C) 2016 ARM Ltd and ARM Germany GmbH. All rights reserved.
License Information: Nolan Labelle, University of Manitoba, LIC=----
 
Tool Versions:
Toolchain:       MDK-Lite  Version: 5.22
Toolchain Path:  C:\Keil_v5\ARM\ARMCC\Bin
C Compiler:      Armcc.exe V5.06 update 4 (build 422)
Assembler:       Armasm.exe V5.06 update 4 (build 422)
Linker/Locator:  ArmLink.exe V5.06 update 4 (build 422)
Library Manager: ArmAr.exe V5.06 update 4 (build 422)
Hex Converter:   FromElf.exe V5.06 update 4 (build 422)
CPU DLL:         SARMCM3.DLL V5.22
Dialog DLL:      DCM.DLL V1.13.9.0
Target DLL:      STLink\ST-LINKIII-KEIL_SWO.dll V2.0.18.0
Dialog DLL:      TCM.DLL V1.21.0.0
 
<h2>Project:</h2>
C:\Users\Nolan\Desktop\RealTimeSystems\Assignment 2\RealTimeSystems\realtime-coffe.uvproj
Project File Date:  03/25/2017

<h2>Output:</h2>
*** Using Compiler 'V5.06 update 4 (build 422)', folder: 'C:\Keil_v5\ARM\ARMCC\Bin'
Build target 'freertos_project'
compiling main.c...
Source\main.c(194): warning:  #1035-D: single-precision operand implicitly converted to double-precision
      			sample = (int16_t)(
OTEAMPLITUDE*filteredSaw);
Source\main.c(264): warning:  #188-D: enumerated type mixed with another type
  		STM_EVAL_LEDOn(whichLED);
Source\main.c(278): warning:  #188-D: enumerated type mixed with another type
  			STM_EVAL_LEDOn(whichLED);
Source\main.c(304): warning:  #188-D: enumerated type mixed with another type
  				STM_EVAL_LEDOff(currentBrew);
Source\main.c: 4 warnings, 0 errors
linking...
Program Size: Code=21672 RO-data=488 RW-data=264 ZI-data=78856  
FromELF: creating hex file...
".\Output\freertos_project.axf" - 0 Error(s), 4 Warning(s).
Build Time Elapsed:  00:00:02
</pre>
</body>
</html>
