<html>
<body>
<pre>
<h1>µVision Build Log</h1>
<h2>Tool Versions:</h2>
IDE-Version: µVision V5.22.0.0
Copyright (C) 2016 ARM Ltd and ARM Germany GmbH. All rights reserved.
License Information: Nolan Labelle, University of Manitoba, LIC=----
 
Tool Versions:
Toolchain:       MDK-Lite  Version: 5.22
Toolchain Path:  C:\Keil_v5\ARM\ARMCC\Bin
C Compiler:      Armcc.exe V5.06 update 4 (build 422)
Assembler:       Armasm.exe V5.06 update 4 (build 422)
Linker/Locator:  ArmLink.exe V5.06 update 4 (build 422)
Library Manager: ArmAr.exe V5.06 update 4 (build 422)
Hex Converter:   FromElf.exe V5.06 update 4 (build 422)
CPU DLL:         SARMCM3.DLL V5.22
Dialog DLL:      DCM.DLL V1.13.9.0
Target DLL:      STLink\ST-LINKIII-KEIL_SWO.dll V2.0.18.0
Dialog DLL:      TCM.DLL V1.21.0.0
 
<h2>Project:</h2>
C:\Users\Nolan\Desktop\RealTimeSystems\Assignment 3\RealTimeSystems\realtime-coffe.uvproj
Project File Date:  04/03/2017

<h2>Output:</h2>
*** Using Compiler 'V5.06 update 4 (build 422)', folder: 'C:\Keil_v5\ARM\ARMCC\Bin'
Build target 'freertos_project'
compiling main.c...
Source\main.c(54): warning:  #1035-D: single-precision operand implicitly converted to double-precision
      			sample = (int16_t)(
OTEAMPLITUDE*filteredSaw);
Source\main.c(22): warning:  #177-D: variable "duration"  was declared but never referenced
  static int duration[4];
Source\main.c(23): warning:  #177-D: variable "deadline"  was declared but never referenced
  static int deadline[4];
Source\main.c(24): warning:  #177-D: variable "period"  was declared but never referenced
  static int period[4];
Source\main.c(25): warning:  #177-D: variable "priority"  was declared but never referenced
  static int priority[4];
Source\main.c: 5 warnings, 0 errors
linking...
Program Size: Code=21228 RO-data=488 RW-data=220 ZI-data=78916  
FromELF: creating hex file...
".\Output\freertos_project.axf" - 0 Error(s), 5 Warning(s).
Build Time Elapsed:  00:00:01
</pre>
</body>
</html>
